[grid] STAGE 1: per-cell coordinate descent on 500 users, 15 workers. 5 HPs: lr/beta1/beta2/c0/exp.
[grid] pool ready: 500 users cached (73,688,265 items) in 1033s | total worker RSS 38.4 GB (78.7 MB/user)
[grid] by_user noise over 3 gold evals: 0.00e+00 (lls=[0.323063, 0.323063, 0.323063]) -> improve_eps=2.00e-06

[grid] cell (epoch 9, batch 256) — start lr=0.0188
      baseline by_user=0.323063  (lr=0.0188 b1=0.55 b2=0.9913 c0=0.0667 exp=11.25 l2=0.3333)
      r0 lr: 0.0188->0.0282  by_user=0.323330 (d=+0.000268)
      r0 lr: 0.0188->0.0125  by_user=0.322994 (d=-0.000068)  <-- best
      r0 beta1: 0.55->0.7  by_user=0.322988 (d=-0.000006)  <-- best
      r0 beta2: 0.9913->0.9869  by_user=0.323041 (d=+0.000053)
      r0 beta2: 0.9913->0.9942  by_user=0.323014 (d=+0.000026)
      r0 c0: 0.0667->0.1001  by_user=0.323142 (d=+0.000154)
      r0 c0: 0.0667->0.0445  by_user=0.323235 (d=+0.000247)
      r0 exp: 11.25->16.875  by_user=0.322962 (d=-0.000026)  <-- best
      r0 exp: 11.25->7.5  by_user=0.323149 (d=+0.000160)
      r0 l2: 0.3333->0.5  by_user=0.323063 (d=+0.000101)
      r0 l2: 0.3333->0.2222  by_user=0.323038 (d=+0.000075)
      r1 lr: 0.0125->0.0188  by_user=0.323102 (d=+0.000140)
      r1 lr: 0.0125->0.0083  by_user=0.323083 (d=+0.000121)
      r1 beta1: 0.7->0.55  by_user=0.323039 (d=+0.000077)
      r1 beta1: 0.7->0.8  by_user=0.322928 (d=-0.000034)  <-- best
      r1 exp: 16.875->11.25  by_user=0.323011 (d=+0.000083)
      r2 beta1: 0.8->0.7  by_user=0.322962 (d=+0.000034)
      r2 beta1: 0.8->0.8667  by_user=0.322965 (d=+0.000037)
      BEST by_user=0.322928 after 19 evals: lr=0.0125 b1=0.8 b2=0.9913 c0=0.0667 exp=16.875 l2=0.3333

[grid] cell (epoch 6, batch 128) — start lr=0.0133
      baseline by_user=0.323008  (lr=0.0133 b1=0.55 b2=0.9913 c0=0.0667 exp=11.25 l2=0.3333)
      r0 lr: 0.0133->0.0199  by_user=0.323152 (d=+0.000144)
      r0 lr: 0.0133->0.0089  by_user=0.323082 (d=+0.000073)
      r0 beta1: 0.55->0.7  by_user=0.322982 (d=-0.000026)  <-- best
      r0 beta2: 0.9913->0.9869  by_user=0.322995 (d=+0.000014)
      r0 beta2: 0.9913->0.9942  by_user=0.322930 (d=-0.000052)  <-- best
      r0 c0: 0.0667->0.1001  by_user=0.323095 (d=+0.000165)
      r0 c0: 0.0667->0.0445  by_user=0.323257 (d=+0.000327)
      r0 exp: 11.25->16.875  by_user=0.322894 (d=-0.000036)  <-- best
      r0 exp: 11.25->7.5  by_user=0.323186 (d=+0.000256)
      r0 l2: 0.3333->0.5  by_user=0.323011 (d=+0.000117)
      r0 l2: 0.3333->0.2222  by_user=0.323005 (d=+0.000111)
      r1 beta1: 0.7->0.55  by_user=0.323021 (d=+0.000127)
      r1 beta1: 0.7->0.8  by_user=0.322907 (d=+0.000013)
      r1 beta2: 0.9942->0.9913  by_user=0.322890 (d=-0.000004)  <-- best
      r1 beta2: 0.9942->0.9961  by_user=0.322905 (d=+0.000010)
      r1 exp: 16.875->11.25  by_user=0.322982 (d=+0.000092)
      r2 beta2: 0.9913->0.9869  by_user=0.322937 (d=+0.000048)
      r2 beta2: 0.9913->0.9942  by_user=0.322894 (d=+0.000004)
      BEST by_user=0.322890 after 19 evals: lr=0.0133 b1=0.7 b2=0.9913 c0=0.0667 exp=16.875 l2=0.3333

[grid] cell (epoch 6, batch 256) — start lr=0.0188
      baseline by_user=0.323271  (lr=0.0188 b1=0.55 b2=0.9913 c0=0.0667 exp=11.25 l2=0.3333)
      r0 lr: 0.0188->0.0282  by_user=0.323304 (d=+0.000032)
      r0 lr: 0.0188->0.0125  by_user=0.323137 (d=-0.000134)  <-- best
      r0 beta1: 0.55->0.7  by_user=0.323112 (d=-0.000024)  <-- best
      r0 beta2: 0.9913->0.9869  by_user=0.323162 (d=+0.000050)
      r0 beta2: 0.9913->0.9942  by_user=0.323137 (d=+0.000024)
      r0 c0: 0.0667->0.1001  by_user=0.323216 (d=+0.000103)
      r0 c0: 0.0667->0.0445  by_user=0.323283 (d=+0.000170)
      r0 exp: 11.25->16.875  by_user=0.323108 (d=-0.000004)  <-- best
      r0 exp: 11.25->7.5  by_user=0.323232 (d=+0.000120)
      r0 l2: 0.3333->0.5  by_user=0.323159 (d=+0.000050)
      r0 l2: 0.3333->0.2222  by_user=0.323192 (d=+0.000083)
      r1 lr: 0.0125->0.0188  by_user=0.323096 (d=-0.000012)  <-- best
      r1 lr: 0.0125->0.0083  by_user=0.323388 (d=+0.000279)
      r1 beta1: 0.7->0.55  by_user=0.323226 (d=+0.000130)
      r1 beta1: 0.7->0.8  by_user=0.323191 (d=+0.000095)
      r1 exp: 16.875->11.25  by_user=0.323177 (d=+0.000081)
      r2 lr: 0.0188->0.0282  by_user=0.323370 (d=+0.000274)
      r2 lr: 0.0188->0.0125  by_user=0.323108 (d=+0.000012)
      BEST by_user=0.323096 after 19 evals: lr=0.0188 b1=0.7 b2=0.9913 c0=0.0667 exp=16.875 l2=0.3333

[grid] cell (epoch 6, batch 512) — start lr=0.0266
      baseline by_user=0.323399  (lr=0.0266 b1=0.55 b2=0.9913 c0=0.0667 exp=11.25 l2=0.3333)
      r0 lr: 0.0266->0.0399  by_user=0.323607 (d=+0.000207)
      r0 lr: 0.0266->0.0177  by_user=0.323371 (d=-0.000028)  <-- best
      r0 beta1: 0.55->0.7  by_user=0.323442 (d=+0.000070)
      r0 beta2: 0.9913->0.9869  by_user=0.323330 (d=-0.000041)  <-- best
      r0 beta2: 0.9913->0.9942  by_user=0.323347 (d=-0.000024)  <-- best
      r0 c0: 0.0667->0.1001  by_user=0.323441 (d=+0.000111)
      r0 c0: 0.0667->0.0445  by_user=0.323483 (d=+0.000153)
      r0 exp: 11.25->16.875  by_user=0.323371 (d=+0.000041)
      r0 exp: 11.25->7.5  by_user=0.323451 (d=+0.000121)
      r0 l2: 0.3333->0.5  by_user=0.323316 (d=-0.000014)  <-- best
      r0 l2: 0.3333->0.2222  by_user=0.323372 (d=+0.000042)
      r1 lr: 0.0177->0.0266  by_user=0.323381 (d=+0.000065)
      r1 lr: 0.0177->0.0118  by_user=0.323567 (d=+0.000251)
      r1 beta2: 0.9869->0.9804  by_user=0.323320 (d=+0.000004)
      r1 beta2: 0.9869->0.9913  by_user=0.323354 (d=+0.000038)
      r1 l2: 0.5->0.75  by_user=0.323430 (d=+0.000114)
      r1 l2: 0.5->0.3333  by_user=0.323330 (d=+0.000014)
      BEST by_user=0.323316 after 18 evals: lr=0.0177 b1=0.55 b2=0.9869 c0=0.0667 exp=11.25 l2=0.5

[grid] cell (epoch 6, batch 1024) — start lr=0.0376
      baseline by_user=0.323825  (lr=0.0376 b1=0.55 b2=0.9913 c0=0.0667 exp=11.25 l2=0.3333)
      r0 lr: 0.0376->0.0564  by_user=0.324588 (d=+0.000763)
      r0 lr: 0.0376->0.0251  by_user=0.323823 (d=-0.000002)
      r0 beta1: 0.55->0.7  by_user=0.323836 (d=+0.000011)
      r0 beta2: 0.9913->0.9869  by_user=0.323767 (d=-0.000058)  <-- best
      r0 beta2: 0.9913->0.9942  by_user=0.323822 (d=-0.000002)  <-- best
      r0 c0: 0.0667->0.1001  by_user=0.323831 (d=+0.000064)
      r0 c0: 0.0667->0.0445  by_user=0.324197 (d=+0.000431)
      r0 exp: 11.25->16.875  by_user=0.323892 (d=+0.000125)
      r0 exp: 11.25->7.5  by_user=0.324182 (d=+0.000415)
      r0 l2: 0.3333->0.5  by_user=0.323777 (d=+0.000010)
      r0 l2: 0.3333->0.2222  by_user=0.323884 (d=+0.000117)
      r1 beta2: 0.9869->0.9804  by_user=0.323806 (d=+0.000039)
      r1 beta2: 0.9869->0.9913  by_user=0.323825 (d=+0.000058)
      BEST by_user=0.323767 after 14 evals: lr=0.0376 b1=0.55 b2=0.9869 c0=0.0667 exp=11.25 l2=0.3333

[grid] cell (epoch 9, batch 128) — start lr=0.0133
      baseline by_user=0.323027  (lr=0.0133 b1=0.55 b2=0.9913 c0=0.0667 exp=11.25 l2=0.3333)
      r0 lr: 0.0133->0.0199  by_user=0.323138 (d=+0.000112)
      r0 lr: 0.0133->0.0089  by_user=0.322964 (d=-0.000062)  <-- best
      r0 beta1: 0.55->0.7  by_user=0.322882 (d=-0.000083)  <-- best
      r0 beta2: 0.9913->0.9869  by_user=0.322962 (d=+0.000081)
      r0 beta2: 0.9913->0.9942  by_user=0.322885 (d=+0.000003)
      r0 c0: 0.0667->0.1001  by_user=0.322932 (d=+0.000050)
      r0 c0: 0.0667->0.0445  by_user=0.323167 (d=+0.000286)
      r0 exp: 11.25->16.875  by_user=0.322950 (d=+0.000069)
      r0 exp: 11.25->7.5  by_user=0.323057 (d=+0.000175)
      r0 l2: 0.3333->0.5  by_user=0.322967 (d=+0.000085)
      r0 l2: 0.3333->0.2222  by_user=0.322954 (d=+0.000072)
      r1 lr: 0.0089->0.0134  by_user=0.322906 (d=+0.000024)
      r1 lr: 0.0089->0.0059  by_user=0.322977 (d=+0.000095)
      r1 beta1: 0.7->0.55  by_user=0.322964 (d=+0.000083)
      r1 beta1: 0.7->0.8  by_user=0.322933 (d=+0.000052)
      BEST by_user=0.322882 after 16 evals: lr=0.0089 b1=0.7 b2=0.9913 c0=0.0667 exp=11.25 l2=0.3333

[grid] cell (epoch 9, batch 512) — start lr=0.0266
      baseline by_user=0.323175  (lr=0.0266 b1=0.55 b2=0.9913 c0=0.0667 exp=11.25 l2=0.3333)
      r0 lr: 0.0266->0.0399  by_user=0.323351 (d=+0.000175)
      r0 lr: 0.0266->0.0177  by_user=0.323081 (d=-0.000095)  <-- best
      r0 beta1: 0.55->0.7  by_user=0.323162 (d=+0.000081)
      r0 beta2: 0.9913->0.9869  by_user=0.323049 (d=-0.000032)  <-- best
      r0 beta2: 0.9913->0.9942  by_user=0.323049 (d=-0.000032)  <-- best
      r0 c0: 0.0667->0.1001  by_user=0.323227 (d=+0.000178)
      r0 c0: 0.0667->0.0445  by_user=0.323247 (d=+0.000198)
      r0 exp: 11.25->16.875  by_user=0.323047 (d=-0.000002)
      r0 exp: 11.25->7.5  by_user=0.323227 (d=+0.000178)
      r0 l2: 0.3333->0.5  by_user=0.323090 (d=+0.000041)
      r0 l2: 0.3333->0.2222  by_user=0.323111 (d=+0.000063)
      r1 lr: 0.0177->0.0266  by_user=0.323180 (d=+0.000131)
      r1 lr: 0.0177->0.0118  by_user=0.323167 (d=+0.000118)
      r1 beta2: 0.9869->0.9804  by_user=0.323044 (d=-0.000005)  <-- best
      r1 beta2: 0.9869->0.9913  by_user=0.323081 (d=+0.000032)
      r2 beta2: 0.9804->0.9706  by_user=0.323122 (d=+0.000078)
      r2 beta2: 0.9804->0.9869  by_user=0.323049 (d=+0.000005)
      BEST by_user=0.323044 after 18 evals: lr=0.0177 b1=0.55 b2=0.9804 c0=0.0667 exp=11.25 l2=0.3333

[grid] cell (epoch 9, batch 1024) — start lr=0.0376
      baseline by_user=0.323547  (lr=0.0376 b1=0.55 b2=0.9913 c0=0.0667 exp=11.25 l2=0.3333)
      r0 lr: 0.0376->0.0564  by_user=0.323982 (d=+0.000435)
      r0 lr: 0.0376->0.0251  by_user=0.323373 (d=-0.000175)  <-- best
      r0 beta1: 0.55->0.7  by_user=0.323374 (d=+0.000001)
      r0 beta2: 0.9913->0.9869  by_user=0.323420 (d=+0.000047)
      r0 beta2: 0.9913->0.9942  by_user=0.323384 (d=+0.000012)
      r0 c0: 0.0667->0.1001  by_user=0.323376 (d=+0.000003)
      r0 c0: 0.0667->0.0445  by_user=0.323564 (d=+0.000191)
      r0 exp: 11.25->16.875  by_user=0.323280 (d=-0.000093)  <-- best
      r0 exp: 11.25->7.5  by_user=0.323588 (d=+0.000215)
      r0 l2: 0.3333->0.5  by_user=0.323364 (d=+0.000084)
      r0 l2: 0.3333->0.2222  by_user=0.323290 (d=+0.000010)
      r1 lr: 0.0251->0.0377  by_user=0.323468 (d=+0.000188)
      r1 lr: 0.0251->0.0167  by_user=0.323362 (d=+0.000081)
      r1 exp: 16.875->11.25  by_user=0.323373 (d=+0.000093)
      BEST by_user=0.323280 after 15 evals: lr=0.0251 b1=0.55 b2=0.9913 c0=0.0667 exp=16.875 l2=0.3333

[grid] cell (epoch 15, batch 128) — start lr=0.0133
      baseline by_user=0.322967  (lr=0.0133 b1=0.55 b2=0.9913 c0=0.0667 exp=11.25 l2=0.3333)
      r0 lr: 0.0133->0.0199  by_user=0.323193 (d=+0.000225)
      r0 lr: 0.0133->0.0089  by_user=0.322898 (d=-0.000070)  <-- best
      r0 beta1: 0.55->0.7  by_user=0.322864 (d=-0.000033)  <-- best
      r0 beta2: 0.9913->0.9869  by_user=0.322864 (d=-0.000000)
      r0 beta2: 0.9913->0.9942  by_user=0.322782 (d=-0.000083)  <-- best
      r0 c0: 0.0667->0.1001  by_user=0.322823 (d=+0.000041)
      r0 c0: 0.0667->0.0445  by_user=0.323125 (d=+0.000343)
      r0 exp: 11.25->16.875  by_user=0.322835 (d=+0.000053)
      r0 exp: 11.25->7.5  by_user=0.322974 (d=+0.000192)
      r0 l2: 0.3333->0.5  by_user=0.322810 (d=+0.000028)
      r0 l2: 0.3333->0.2222  by_user=0.322859 (d=+0.000077)
      r1 lr: 0.0089->0.0134  by_user=0.322950 (d=+0.000168)
      r1 lr: 0.0089->0.0059  by_user=0.322802 (d=+0.000020)
      r1 beta1: 0.7->0.55  by_user=0.322880 (d=+0.000098)
      r1 beta1: 0.7->0.8  by_user=0.322888 (d=+0.000106)
      r1 beta2: 0.9942->0.9913  by_user=0.322864 (d=+0.000083)
      r1 beta2: 0.9942->0.9961  by_user=0.322809 (d=+0.000027)
      BEST by_user=0.322782 after 18 evals: lr=0.0089 b1=0.7 b2=0.9942 c0=0.0667 exp=11.25 l2=0.3333

[grid] cell (epoch 15, batch 256) — start lr=0.0188
      baseline by_user=0.323084  (lr=0.0188 b1=0.55 b2=0.9913 c0=0.0667 exp=11.25 l2=0.3333)
      r0 lr: 0.0188->0.0282  by_user=0.323138 (d=+0.000054)
      r0 lr: 0.0188->0.0125  by_user=0.322931 (d=-0.000153)  <-- best
      r0 beta1: 0.55->0.7  by_user=0.322874 (d=-0.000057)  <-- best
      r0 beta2: 0.9913->0.9869  by_user=0.322939 (d=+0.000065)
      r0 beta2: 0.9913->0.9942  by_user=0.322878 (d=+0.000004)
      r0 c0: 0.0667->0.1001  by_user=0.322884 (d=+0.000011)
      r0 c0: 0.0667->0.0445  by_user=0.323078 (d=+0.000204)
      r0 exp: 11.25->16.875  by_user=0.322767 (d=-0.000107)  <-- best
      r0 exp: 11.25->7.5  by_user=0.323071 (d=+0.000197)
      r0 l2: 0.3333->0.5  by_user=0.322848 (d=+0.000081)
      r0 l2: 0.3333->0.2222  by_user=0.322839 (d=+0.000072)
      r1 lr: 0.0125->0.0188  by_user=0.322919 (d=+0.000152)
      r1 lr: 0.0125->0.0083  by_user=0.322930 (d=+0.000163)
      r1 beta1: 0.7->0.55  by_user=0.322851 (d=+0.000084)
      r1 beta1: 0.7->0.8  by_user=0.322840 (d=+0.000073)
      r1 exp: 16.875->11.25  by_user=0.322874 (d=+0.000107)
      BEST by_user=0.322767 after 17 evals: lr=0.0125 b1=0.7 b2=0.9913 c0=0.0667 exp=16.875 l2=0.3333

[grid] cell (epoch 15, batch 512) — start lr=0.0266
      baseline by_user=0.322929  (lr=0.0266 b1=0.55 b2=0.9913 c0=0.0667 exp=11.25 l2=0.3333)
      r0 lr: 0.0266->0.0399  by_user=0.323319 (d=+0.000391)
      r0 lr: 0.0266->0.0177  by_user=0.322881 (d=-0.000047)  <-- best
      r0 beta1: 0.55->0.7  by_user=0.323005 (d=+0.000124)
      r0 beta2: 0.9913->0.9869  by_user=0.322905 (d=+0.000024)
      r0 beta2: 0.9913->0.9942  by_user=0.322877 (d=-0.000004)  <-- best
      r0 c0: 0.0667->0.1001  by_user=0.322981 (d=+0.000104)
      r0 c0: 0.0667->0.0445  by_user=0.323113 (d=+0.000236)
      r0 exp: 11.25->16.875  by_user=0.322817 (d=-0.000060)  <-- best
      r0 exp: 11.25->7.5  by_user=0.322999 (d=+0.000122)
      r0 l2: 0.3333->0.5  by_user=0.322835 (d=+0.000018)
      r0 l2: 0.3333->0.2222  by_user=0.322830 (d=+0.000013)
      r1 lr: 0.0177->0.0266  by_user=0.323115 (d=+0.000298)
      r1 lr: 0.0177->0.0118  by_user=0.322813 (d=-0.000004)  <-- best
      r1 beta2: 0.9942->0.9913  by_user=0.322813 (d=-0.000000)
      r1 beta2: 0.9942->0.9961  by_user=0.322824 (d=+0.000011)
      r1 exp: 16.875->11.25  by_user=0.322959 (d=+0.000145)
      r2 lr: 0.0118->0.0177  by_user=0.322817 (d=+0.000004)
      r2 lr: 0.0118->0.0079  by_user=0.323094 (d=+0.000281)
      BEST by_user=0.322813 after 19 evals: lr=0.0118 b1=0.55 b2=0.9942 c0=0.0667 exp=16.875 l2=0.3333

[grid] cell (epoch 15, batch 1024) — start lr=0.0376
      baseline by_user=0.323295  (lr=0.0376 b1=0.55 b2=0.9913 c0=0.0667 exp=11.25 l2=0.3333)
      r0 lr: 0.0376->0.0564  by_user=0.323748 (d=+0.000453)
      r0 lr: 0.0376->0.0251  by_user=0.323121 (d=-0.000174)  <-- best
      r0 beta1: 0.55->0.7  by_user=0.323040 (d=-0.000081)  <-- best
      r0 beta2: 0.9913->0.9869  by_user=0.323033 (d=-0.000007)  <-- best
      r0 beta2: 0.9913->0.9942  by_user=0.323048 (d=+0.000008)
      r0 c0: 0.0667->0.1001  by_user=0.323111 (d=+0.000078)
      r0 c0: 0.0667->0.0445  by_user=0.323285 (d=+0.000252)
      r0 exp: 11.25->16.875  by_user=0.323011 (d=-0.000022)  <-- best
      r0 exp: 11.25->7.5  by_user=0.323248 (d=+0.000215)
      r0 l2: 0.3333->0.5  by_user=0.323084 (d=+0.000073)
      r0 l2: 0.3333->0.2222  by_user=0.323082 (d=+0.000070)
      r1 lr: 0.0251->0.0377  by_user=0.323285 (d=+0.000274)
      r1 lr: 0.0251->0.0167  by_user=0.323014 (d=+0.000003)
      r1 beta1: 0.7->0.55  by_user=0.323110 (d=+0.000099)
      r1 beta1: 0.7->0.8  by_user=0.323183 (d=+0.000172)
      r1 beta2: 0.9869->0.9804  by_user=0.323030 (d=+0.000018)
      r1 beta2: 0.9869->0.9913  by_user=0.322990 (d=-0.000022)  <-- best
      r1 exp: 16.875->11.25  by_user=0.323040 (d=+0.000051)
      r2 beta2: 0.9913->0.9869  by_user=0.323011 (d=+0.000022)
      r2 beta2: 0.9913->0.9942  by_user=0.323040 (d=+0.000050)
      BEST by_user=0.322990 after 21 evals: lr=0.0251 b1=0.7 b2=0.9913 c0=0.0667 exp=16.875 l2=0.3333

[grid] cell (epoch 20, batch 128) — start lr=0.0133
      baseline by_user=0.322957  (lr=0.0133 b1=0.55 b2=0.9913 c0=0.0667 exp=11.25 l2=0.3333)
      r0 lr: 0.0133->0.0199  by_user=0.323002 (d=+0.000045)
      r0 lr: 0.0133->0.0089  by_user=0.322891 (d=-0.000067)  <-- best
      r0 beta1: 0.55->0.7  by_user=0.322837 (d=-0.000053)  <-- best
      r0 beta2: 0.9913->0.9869  by_user=0.322887 (d=+0.000050)
      r0 beta2: 0.9913->0.9942  by_user=0.322847 (d=+0.000010)
      r0 c0: 0.0667->0.1001  by_user=0.322798 (d=-0.000039)  <-- best
      r0 c0: 0.0667->0.0445  by_user=0.323097 (d=+0.000260)
      r0 exp: 11.25->16.875  by_user=0.322912 (d=+0.000114)
      r0 exp: 11.25->7.5  by_user=0.323036 (d=+0.000237)
      r0 l2: 0.3333->0.5  by_user=0.322888 (d=+0.000089)
      r0 l2: 0.3333->0.2222  by_user=0.322912 (d=+0.000114)
      r1 lr: 0.0089->0.0134  by_user=0.322945 (d=+0.000147)
      r1 lr: 0.0089->0.0059  by_user=0.322919 (d=+0.000120)
      r1 beta1: 0.7->0.55  by_user=0.322897 (d=+0.000098)
      r1 beta1: 0.7->0.8  by_user=0.322864 (d=+0.000066)
      r1 c0: 0.1001->0.1502  by_user=0.323117 (d=+0.000319)
      r1 c0: 0.1001->0.0667  by_user=0.322837 (d=+0.000039)
      BEST by_user=0.322798 after 18 evals: lr=0.0089 b1=0.7 b2=0.9913 c0=0.1001 exp=11.25 l2=0.3333

[grid] cell (epoch 20, batch 256) — start lr=0.0188
      baseline by_user=0.322930  (lr=0.0188 b1=0.55 b2=0.9913 c0=0.0667 exp=11.25 l2=0.3333)
      r0 lr: 0.0188->0.0282  by_user=0.323151 (d=+0.000221)
      r0 lr: 0.0188->0.0125  by_user=0.322740 (d=-0.000190)  <-- best
      r0 beta1: 0.55->0.7  by_user=0.322861 (d=+0.000121)
      r0 beta2: 0.9913->0.9869  by_user=0.322807 (d=+0.000067)
      r0 beta2: 0.9913->0.9942  by_user=0.322808 (d=+0.000069)
      r0 c0: 0.0667->0.1001  by_user=0.322820 (d=+0.000080)
      r0 c0: 0.0667->0.0445  by_user=0.322993 (d=+0.000254)
      r0 exp: 11.25->16.875  by_user=0.322792 (d=+0.000052)
      r0 exp: 11.25->7.5  by_user=0.323019 (d=+0.000280)
      r0 l2: 0.3333->0.5  by_user=0.322746 (d=+0.000006)
      r0 l2: 0.3333->0.2222  by_user=0.322906 (d=+0.000166)
      r1 lr: 0.0125->0.0188  by_user=0.322930 (d=+0.000190)
      r1 lr: 0.0125->0.0083  by_user=0.322777 (d=+0.000038)
      BEST by_user=0.322740 after 14 evals: lr=0.0125 b1=0.55 b2=0.9913 c0=0.0667 exp=11.25 l2=0.3333

[grid] cell (epoch 20, batch 512) — start lr=0.0266
      baseline by_user=0.322965  (lr=0.0266 b1=0.55 b2=0.9913 c0=0.0667 exp=11.25 l2=0.3333)
      r0 lr: 0.0266->0.0399  by_user=0.323216 (d=+0.000250)
      r0 lr: 0.0266->0.0177  by_user=0.322891 (d=-0.000074)  <-- best
      r0 beta1: 0.55->0.7  by_user=0.322902 (d=+0.000011)
      r0 beta2: 0.9913->0.9869  by_user=0.322867 (d=-0.000024)  <-- best
      r0 beta2: 0.9913->0.9942  by_user=0.322904 (d=+0.000013)
      r0 c0: 0.0667->0.1001  by_user=0.322871 (d=+0.000004)
      r0 c0: 0.0667->0.0445  by_user=0.323098 (d=+0.000231)
      r0 exp: 11.25->16.875  by_user=0.322853 (d=-0.000014)  <-- best
      r0 exp: 11.25->7.5  by_user=0.322967 (d=+0.000100)
      r0 l2: 0.3333->0.5  by_user=0.322862 (d=+0.000009)
      r0 l2: 0.3333->0.2222  by_user=0.322850 (d=-0.000003)  <-- best
      r1 lr: 0.0177->0.0266  by_user=0.323190 (d=+0.000340)
      r1 lr: 0.0177->0.0118  by_user=0.322790 (d=-0.000060)  <-- best
      r1 beta2: 0.9869->0.9804  by_user=0.322889 (d=+0.000099)
      r1 beta2: 0.9869->0.9913  by_user=0.322792 (d=+0.000002)
      r1 exp: 16.875->11.25  by_user=0.322933 (d=+0.000142)
      r1 l2: 0.2222->0.3333  by_user=0.322798 (d=+0.000008)
      r1 l2: 0.2222->0.1481  by_user=0.322894 (d=+0.000103)
      r2 lr: 0.0118->0.0177  by_user=0.322850 (d=+0.000060)
      r2 lr: 0.0118->0.0079  by_user=0.322940 (d=+0.000150)
      BEST by_user=0.322790 after 21 evals: lr=0.0118 b1=0.55 b2=0.9869 c0=0.0667 exp=16.875 l2=0.2222

[grid] cell (epoch 20, batch 1024) — start lr=0.0376
      baseline by_user=0.323078  (lr=0.0376 b1=0.55 b2=0.9913 c0=0.0667 exp=11.25 l2=0.3333)
      r0 lr: 0.0376->0.0564  by_user=0.323574 (d=+0.000496)
      r0 lr: 0.0376->0.0251  by_user=0.322969 (d=-0.000109)  <-- best
      r0 beta1: 0.55->0.7  by_user=0.322942 (d=-0.000027)  <-- best
      r0 beta2: 0.9913->0.9869  by_user=0.322944 (d=+0.000002)
      r0 beta2: 0.9913->0.9942  by_user=0.322937 (d=-0.000006)  <-- best
      r0 c0: 0.0667->0.1001  by_user=0.322956 (d=+0.000020)
      r0 c0: 0.0667->0.0445  by_user=0.323224 (d=+0.000287)
      r0 exp: 11.25->16.875  by_user=0.322955 (d=+0.000019)
      r0 exp: 11.25->7.5  by_user=0.323082 (d=+0.000146)
      r0 l2: 0.3333->0.5  by_user=0.323016 (d=+0.000079)
      r0 l2: 0.3333->0.2222  by_user=0.323022 (d=+0.000085)
      r1 lr: 0.0251->0.0377  by_user=0.323274 (d=+0.000337)
      r1 lr: 0.0251->0.0167  by_user=0.322900 (d=-0.000036)  <-- best
      r1 beta1: 0.7->0.55  by_user=0.322913 (d=+0.000013)
      r1 beta1: 0.7->0.8  by_user=0.323003 (d=+0.000103)
      r1 beta2: 0.9942->0.9913  by_user=0.322920 (d=+0.000020)
      r1 beta2: 0.9942->0.9961  by_user=0.322935 (d=+0.000035)
      r2 lr: 0.0167->0.025  by_user=0.322951 (d=+0.000050)
      r2 lr: 0.0167->0.0111  by_user=0.323057 (d=+0.000156)
      BEST by_user=0.322900 after 20 evals: lr=0.0167 b1=0.7 b2=0.9942 c0=0.0667 exp=11.25 l2=0.3333

[grid] cell (epoch 30, batch 128) — start lr=0.0133
      baseline by_user=0.322928  (lr=0.0133 b1=0.55 b2=0.9913 c0=0.0667 exp=11.25 l2=0.3333)
      r0 lr: 0.0133->0.0199  by_user=0.322992 (d=+0.000064)
      r0 lr: 0.0133->0.0089  by_user=0.322897 (d=-0.000031)  <-- best
      r0 beta1: 0.55->0.7  by_user=0.322839 (d=-0.000058)  <-- best
      r0 beta2: 0.9913->0.9869  by_user=0.322906 (d=+0.000067)
      r0 beta2: 0.9913->0.9942  by_user=0.322844 (d=+0.000005)
      r0 c0: 0.0667->0.1001  by_user=0.322791 (d=-0.000048)  <-- best
      r0 c0: 0.0667->0.0445  by_user=0.323163 (d=+0.000324)
      r0 exp: 11.25->16.875  by_user=0.322886 (d=+0.000096)
      r0 exp: 11.25->7.5  by_user=0.323062 (d=+0.000271)
      r0 l2: 0.3333->0.5  by_user=0.322846 (d=+0.000055)
      r0 l2: 0.3333->0.2222  by_user=0.322858 (d=+0.000068)
      r1 lr: 0.0089->0.0134  by_user=0.322903 (d=+0.000112)
      r1 lr: 0.0089->0.0059  by_user=0.322912 (d=+0.000121)
      r1 beta1: 0.7->0.55  by_user=0.322849 (d=+0.000058)
      r1 beta1: 0.7->0.8  by_user=0.322883 (d=+0.000092)
      r1 c0: 0.1001->0.1502  by_user=0.323057 (d=+0.000266)
      r1 c0: 0.1001->0.0667  by_user=0.322839 (d=+0.000048)
      BEST by_user=0.322791 after 18 evals: lr=0.0089 b1=0.7 b2=0.9913 c0=0.1001 exp=11.25 l2=0.3333

[grid] cell (epoch 30, batch 256) — start lr=0.0188
      baseline by_user=0.322888  (lr=0.0188 b1=0.55 b2=0.9913 c0=0.0667 exp=11.25 l2=0.3333)
      r0 lr: 0.0188->0.0282  by_user=0.322938 (d=+0.000051)
      r0 lr: 0.0188->0.0125  by_user=0.322750 (d=-0.000138)  <-- best
      r0 beta1: 0.55->0.7  by_user=0.322899 (d=+0.000149)
      r0 beta2: 0.9913->0.9869  by_user=0.322822 (d=+0.000073)
      r0 beta2: 0.9913->0.9942  by_user=0.322782 (d=+0.000032)
      r0 c0: 0.0667->0.1001  by_user=0.322901 (d=+0.000151)
      r0 c0: 0.0667->0.0445  by_user=0.323091 (d=+0.000342)
      r0 exp: 11.25->16.875  by_user=0.322749 (d=-0.000000)
      r0 exp: 11.25->7.5  by_user=0.322986 (d=+0.000236)
      r0 l2: 0.3333->0.5  by_user=0.322798 (d=+0.000048)
      r0 l2: 0.3333->0.2222  by_user=0.322872 (d=+0.000123)
      r1 lr: 0.0125->0.0188  by_user=0.322888 (d=+0.000138)
      r1 lr: 0.0125->0.0083  by_user=0.322793 (d=+0.000043)
      BEST by_user=0.322750 after 14 evals: lr=0.0125 b1=0.55 b2=0.9913 c0=0.0667 exp=11.25 l2=0.3333

[grid] cell (epoch 30, batch 512) — start lr=0.0266
      baseline by_user=0.322845  (lr=0.0266 b1=0.55 b2=0.9913 c0=0.0667 exp=11.25 l2=0.3333)
      r0 lr: 0.0266->0.0399  by_user=0.323178 (d=+0.000333)
      r0 lr: 0.0266->0.0177  by_user=0.322784 (d=-0.000061)  <-- best
      r0 beta1: 0.55->0.7  by_user=0.322859 (d=+0.000075)
      r0 beta2: 0.9913->0.9869  by_user=0.322838 (d=+0.000054)
      r0 beta2: 0.9913->0.9942  by_user=0.322809 (d=+0.000025)
      r0 c0: 0.0667->0.1001  by_user=0.322865 (d=+0.000081)
      r0 c0: 0.0667->0.0445  by_user=0.323049 (d=+0.000265)
      r0 exp: 11.25->16.875  by_user=0.322847 (d=+0.000063)
      r0 exp: 11.25->7.5  by_user=0.323009 (d=+0.000225)
      r0 l2: 0.3333->0.5  by_user=0.322857 (d=+0.000073)
      r0 l2: 0.3333->0.2222  by_user=0.322950 (d=+0.000166)
      r1 lr: 0.0177->0.0266  by_user=0.322845 (d=+0.000061)
      r1 lr: 0.0177->0.0118  by_user=0.322858 (d=+0.000074)
      BEST by_user=0.322784 after 14 evals: lr=0.0177 b1=0.55 b2=0.9913 c0=0.0667 exp=11.25 l2=0.3333

[grid] cell (epoch 30, batch 1024) — start lr=0.0376
      baseline by_user=0.323079  (lr=0.0376 b1=0.55 b2=0.9913 c0=0.0667 exp=11.25 l2=0.3333)
      r0 lr: 0.0376->0.0564  by_user=0.323461 (d=+0.000382)
      r0 lr: 0.0376->0.0251  by_user=0.322889 (d=-0.000190)  <-- best
      r0 beta1: 0.55->0.7  by_user=0.322868 (d=-0.000021)  <-- best
      r0 beta2: 0.9913->0.9869  by_user=0.322917 (d=+0.000049)
      r0 beta2: 0.9913->0.9942  by_user=0.322858 (d=-0.000010)  <-- best
      r0 c0: 0.0667->0.1001  by_user=0.322852 (d=-0.000006)  <-- best
      r0 c0: 0.0667->0.0445  by_user=0.323155 (d=+0.000296)
      r0 exp: 11.25->16.875  by_user=0.322980 (d=+0.000128)
      r0 exp: 11.25->7.5  by_user=0.323061 (d=+0.000209)
      r0 l2: 0.3333->0.5  by_user=0.322840 (d=-0.000013)  <-- best
      r0 l2: 0.3333->0.2222  by_user=0.323034 (d=+0.000182)
      r1 lr: 0.0251->0.0377  by_user=0.322936 (d=+0.000097)
      r1 lr: 0.0251->0.0167  by_user=0.322834 (d=-0.000006)  <-- best
      r1 beta1: 0.7->0.55  by_user=0.322828 (d=-0.000007)  <-- best
      r1 beta1: 0.7->0.8  by_user=0.322910 (d=+0.000076)
      r1 beta2: 0.9942->0.9913  by_user=0.322833 (d=+0.000005)
      r1 beta2: 0.9942->0.9961  by_user=0.322818 (d=-0.000010)  <-- best
      r1 c0: 0.1001->0.1502  by_user=0.323102 (d=+0.000284)
      r1 c0: 0.1001->0.0667  by_user=0.322861 (d=+0.000043)
      r1 l2: 0.5->0.75  by_user=0.322940 (d=+0.000122)
      r1 l2: 0.5->0.3333  by_user=0.322792 (d=-0.000026)  <-- best
      r2 lr: 0.0167->0.025  by_user=0.322878 (d=+0.000087)
      r2 lr: 0.0167->0.0111  by_user=0.322860 (d=+0.000068)
      r2 beta1: 0.55->0.7  by_user=0.322822 (d=+0.000030)
      r2 beta2: 0.9961->0.9941  by_user=0.322818 (d=+0.000026)
      r2 beta2: 0.9961->0.9974  by_user=0.322811 (d=+0.000019)
      r2 l2: 0.3333->0.5  by_user=0.322818 (d=+0.000026)
      r2 l2: 0.3333->0.2222  by_user=0.322871 (d=+0.000079)
      BEST by_user=0.322792 after 29 evals: lr=0.0167 b1=0.55 b2=0.9961 c0=0.1001 exp=11.25 l2=0.3333

[grid] STAGE 1 done in 453 min. Best HPs per cell saved to hp_grid_stage1.json.

[grid] STAGE 2: confirming 20 cells' HPs on 3000 users (loop-inversion) ...
[grid] STAGE 2 done in 227 min.

[grid] gold (9,256): by_user=0.320167 train=633.1s
      (20, 128) by_user=0.319964 train=1872.0s lr=0.0089 b1=0.7 b2=0.9913 c0=0.1001 exp=11.25 l2=0.3333
      (30, 128) by_user=0.319970 train=2749.2s lr=0.0089 b1=0.7 b2=0.9913 c0=0.1001 exp=11.25 l2=0.3333
      (30, 256) by_user=0.319979 train=1848.9s lr=0.0125 b1=0.55 b2=0.9913 c0=0.0667 exp=11.25 l2=0.3333
      (15, 128) by_user=0.319979 train=1430.9s lr=0.0089 b1=0.7 b2=0.9942 c0=0.0667 exp=11.25 l2=0.3333
      (20, 256) by_user=0.319985 train=1271.2s lr=0.0125 b1=0.55 b2=0.9913 c0=0.0667 exp=11.25 l2=0.3333
      (30,1024) by_user=0.320002 train=1408.6s lr=0.0167 b1=0.55 b2=0.9961 c0=0.1001 exp=11.25 l2=0.3333
      (20, 512) by_user=0.320026 train=1050.5s lr=0.0118 b1=0.55 b2=0.9869 c0=0.0667 exp=16.875 l2=0.2222
      (30, 512) by_user=0.320052 train=1519.0s lr=0.0177 b1=0.55 b2=0.9913 c0=0.0667 exp=11.25 l2=0.3333
      (15, 256) by_user=0.320056 train=983.9s lr=0.0125 b1=0.7 b2=0.9913 c0=0.0667 exp=16.875 l2=0.3333
      (15, 512) by_user=0.320086 train=814.0s lr=0.0118 b1=0.55 b2=0.9942 c0=0.0667 exp=16.875 l2=0.3333
      (20,1024) by_user=0.320090 train=975.4s lr=0.0167 b1=0.7 b2=0.9942 c0=0.0667 exp=11.25 l2=0.3333
      ( 9, 128) by_user=0.320092 train=904.3s lr=0.0089 b1=0.7 b2=0.9913 c0=0.0667 exp=11.25 l2=0.3333
      ( 9, 256) by_user=0.320167 train=633.1s lr=0.0125 b1=0.8 b2=0.9913 c0=0.0667 exp=16.875 l2=0.3333
      (15,1024) by_user=0.320280 train=758.6s lr=0.0251 b1=0.7 b2=0.9913 c0=0.0667 exp=16.875 l2=0.3333
      ( 6, 128) by_user=0.320291 train=637.4s lr=0.0133 b1=0.7 b2=0.9913 c0=0.0667 exp=16.875 l2=0.3333
      ( 9, 512) by_user=0.320315 train=534.9s lr=0.0177 b1=0.55 b2=0.9804 c0=0.0667 exp=11.25 l2=0.3333
      ( 6, 256) by_user=0.320408 train=460.9s lr=0.0188 b1=0.7 b2=0.9913 c0=0.0667 exp=16.875 l2=0.3333
      ( 9,1024) by_user=0.320549 train=499.7s lr=0.0251 b1=0.55 b2=0.9913 c0=0.0667 exp=16.875 l2=0.3333
      ( 6, 512) by_user=0.320586 train=394.3s lr=0.0177 b1=0.55 b2=0.9869 c0=0.0667 exp=11.25 l2=0.5
      ( 6,1024) by_user=0.321067 train=371.2s lr=0.0376 b1=0.55 b2=0.9869 c0=0.0667 exp=11.25 l2=0.3333

[grid] WINNER: epoch=9 batch=256 [= gold]
[plot] wrote result\hp_grid_plot.png
